[2025-07-22 08:33:47:123] [test_system] Testing error logging functionality
